To honour the JVM settings for this build a single-use Daemon process will be forked. For more on this, please refer to https://docs.gradle.org/8.10/userguide/gradle_daemon.html#sec:disabling_the_daemon in the Gradle documentation.
Daemon will be stopped at the end of the build 

> Configure project :
Architect Plugin: 3.4.162
Architectury Loom: 1.2.377
You are using an outdated version of Architectury Loom! This version will not receive any support, please consider updating!

> Task :clean
> Task :compileJava NO-SOURCE
> Task :processResources NO-SOURCE
> Task :forge:clean
> Task :classes UP-TO-DATE
> Task :jar
> Task :sourcesJar
> Task :assemble
> Task :compileTestJava NO-SOURCE
> Task :processTestResources NO-SOURCE
> Task :testClasses UP-TO-DATE
> Task :test NO-SOURCE
> Task :check UP-TO-DATE
> Task :build
> Task :forge:processResources
> Task :forge:processTestResources NO-SOURCE
> Task :forge:validateAccessWidener UP-TO-DATE
> Task :common:clean
> Task :common:compileJava FROM-CACHE
> Task :common:processResources
> Task :common:classes
> Task :common:jar

> Task :forge:compileJava
.\gradlew.bat : G:\SimplySwords-Architectury-1.20\forge\src\main\java\net\mayaguomang\simpleswordavaritia\forge\compat\GobberCompat.java:16: 错误: 程序包SimplySwords不存在
所在位置 行:1 字符: 1
+ .\gradlew.bat clean build --no-daemon 2>&1 | Tee-Object -FilePath "bu ...
+ ~~~~~~~~~~~~~~~~~~~~~~~~~~~~~~~~~~~~~~~~~~
    + CategoryInfo          : NotSpecified: (G:\SimplySwords...SimplySwords不存在:String) [], RemoteException
    + FullyQualifiedErrorId : NativeCommandError
 
    static float longsword_positive_modifier = SimplySwords.weaponAttributesConfig.longsword_positiveDamageModifier;
                                                           ^
G:\SimplySwords-Architectury-1.20\forge\src\main\java\net\mayaguomang\simpleswordavaritia\forge\compat\GobberCompat.java:17: 错误: 程序包SimplySwords不存在
    static float twinblade_positive_modifier = SimplySwords.weaponAttributesConfig.twinblade_positiveDamageModifier;
                                                           ^
G:\SimplySwords-Architectury-1.20\forge\src\main\java\net\mayaguomang\simpleswordavaritia\forge\compat\GobberCompat.java:18: 错误: 程序包SimplySwords不存在
    static float rapier_positive_modifier = SimplySwords.weaponAttributesConfig.rapier_positiveDamageModifier;
                                                        ^
G:\SimplySwords-Architectury-1.20\forge\src\main\java\net\mayaguomang\simpleswordavaritia\forge\compat\GobberCompat.java:19: 错误: 程序包SimplySwords不存在
    static float katana_positive_modifier = SimplySwords.weaponAttributesConfig.katana_positiveDamageModifier;
                                                        ^
G:\SimplySwords-Architectury-1.20\forge\src\main\java\net\mayaguomang\simpleswordavaritia\forge\compat\GobberCompat.java:20: 错误: 程序包SimplySwords不存在
    static float sai_positive_modifier = SimplySwords.weaponAttributesConfig.sai_positiveDamageModifier;
                                                     ^
G:\SimplySwords-Architectury-1.20\forge\src\main\java\net\mayaguomang\simpleswordavaritia\forge\compat\GobberCompat.java:21: 错误: 程序包SimplySwords不存在
    static float spear_positive_modifier = SimplySwords.weaponAttributesConfig.spear_positiveDamageModifier;
                                                       ^
G:\SimplySwords-Architectury-1.20\forge\src\main\java\net\mayaguomang\simpleswordavaritia\forge\compat\GobberCompat.java:22: 错误: 程序包SimplySwords不存在
    static float glaive_positive_modifier = SimplySwords.weaponAttributesConfig.glaive_positiveDamageModifier;
                                                        ^
G:\SimplySwords-Architectury-1.20\forge\src\main\java\net\mayaguomang\simpleswordavaritia\forge\compat\GobberCompat.java:23: 错误: 程序包SimplySwords不存在
    static float warglaive_positive_modifier = SimplySwords.weaponAttributesConfig.warglaive_positiveDamageModifier;
                                                           ^
G:\SimplySwords-Architectury-1.20\forge\src\main\java\net\mayaguomang\simpleswordavaritia\forge\compat\GobberCompat.java:24: 错误: 程序包SimplySwords不存在
    static float cutlass_positive_modifier = SimplySwords.weaponAttributesConfig.cutlass_positiveDamageModifier;
                                                         ^
G:\SimplySwords-Architectury-1.20\forge\src\main\java\net\mayaguomang\simpleswordavaritia\forge\compat\GobberCompat.java:25: 错误: 程序包SimplySwords不存在
    static float claymore_positive_modifier = SimplySwords.weaponAttributesConfig.claymore_positiveDamageModifier;
                                                          ^
G:\SimplySwords-Architectury-1.20\forge\src\main\java\net\mayaguomang\simpleswordavaritia\forge\compat\GobberCompat.java:26: 错误: 程序包SimplySwords不存在
    static float greataxe_positive_modifier = SimplySwords.weaponAttributesConfig.greataxe_positiveDamageModifier;
                                                          ^
G:\SimplySwords-Architectury-1.20\forge\src\main\java\net\mayaguomang\simpleswordavaritia\forge\compat\GobberCompat.java:27: 错误: 程序包SimplySwords不存在
    static float greathammer_positive_modifier = SimplySwords.weaponAttributesConfig.greathammer_positiveDamageModifier;
                                                             ^
G:\SimplySwords-Architectury-1.20\forge\src\main\java\net\mayaguomang\simpleswordavaritia\forge\compat\GobberCompat.java:28: 错误: 程序包SimplySwords不存在
    static float chakram_positive_modifier = SimplySwords.weaponAttributesConfig.chakram_positiveDamageModifier;
                                                         ^
G:\SimplySwords-Architectury-1.20\forge\src\main\java\net\mayaguomang\simpleswordavaritia\forge\compat\GobberCompat.java:29: 错误: 程序包SimplySwords不存在
    static float scythe_positive_modifier = SimplySwords.weaponAttributesConfig.scythe_positiveDamageModifier;
                                                        ^
G:\SimplySwords-Architectury-1.20\forge\src\main\java\net\mayaguomang\simpleswordavaritia\forge\compat\GobberCompat.java:30: 错误: 程序包SimplySwords不存在
    static float halberd_positive_modifier = SimplySwords.weaponAttributesConfig.halberd_positiveDamageModifier;
                                                         ^
G:\SimplySwords-Architectury-1.20\forge\src\main\java\net\mayaguomang\simpleswordavaritia\forge\compat\GobberCompat.java:32: 错误: 程序包SimplySwords不存在
    static float longsword_negative_modifier = SimplySwords.weaponAttributesConfig.longsword_negativeDamageModifier;
                                                           ^
G:\SimplySwords-Architectury-1.20\forge\src\main\java\net\mayaguomang\simpleswordavaritia\forge\compat\GobberCompat.java:33: 错误: 程序包SimplySwords不存在
    static float twinblade_negative_modifier = SimplySwords.weaponAttributesConfig.twinblade_negativeDamageModifier;
                                                           ^
G:\SimplySwords-Architectury-1.20\forge\src\main\java\net\mayaguomang\simpleswordavaritia\forge\compat\GobberCompat.java:34: 错误: 程序包SimplySwords不存在
    static float rapier_negative_modifier = SimplySwords.weaponAttributesConfig.rapier_negativeDamageModifier;
                                                        ^
G:\SimplySwords-Architectury-1.20\forge\src\main\java\net\mayaguomang\simpleswordavaritia\forge\compat\GobberCompat.java:35: 错误: 程序包SimplySwords不存在
    static float sai_negative_modifier = SimplySwords.weaponAttributesConfig.sai_negativeDamageModifier;
                                                     ^
G:\SimplySwords-Architectury-1.20\forge\src\main\java\net\mayaguomang\simpleswordavaritia\forge\compat\GobberCompat.java:36: 错误: 程序包SimplySwords不存在
    static float spear_negative_modifier = SimplySwords.weaponAttributesConfig.spear_negativeDamageModifier;
                                                       ^
G:\SimplySwords-Architectury-1.20\forge\src\main\java\net\mayaguomang\simpleswordavaritia\forge\compat\GobberCompat.java:37: 错误: 程序包SimplySwords不存在
    static float katana_negative_modifier = SimplySwords.weaponAttributesConfig.katana_negativeDamageModifier;
                                                        ^
G:\SimplySwords-Architectury-1.20\forge\src\main\java\net\mayaguomang\simpleswordavaritia\forge\compat\GobberCompat.java:38: 错误: 程序包SimplySwords不存在
    static float glaive_negative_modifier = SimplySwords.weaponAttributesConfig.glaive_negativeDamageModifier;
                                                        ^
G:\SimplySwords-Architectury-1.20\forge\src\main\java\net\mayaguomang\simpleswordavaritia\forge\compat\GobberCompat.java:39: 错误: 程序包SimplySwords不存在
    static float warglaive_negative_modifier = SimplySwords.weaponAttributesConfig.warglaive_negativeDamageModifier;
                                                           ^
G:\SimplySwords-Architectury-1.20\forge\src\main\java\net\mayaguomang\simpleswordavaritia\forge\compat\GobberCompat.java:40: 错误: 程序包SimplySwords不存在
    static float cutlass_negative_modifier = SimplySwords.weaponAttributesConfig.cutlass_negativeDamageModifier;
                                                         ^
G:\SimplySwords-Architectury-1.20\forge\src\main\java\net\mayaguomang\simpleswordavaritia\forge\compat\GobberCompat.java:41: 错误: 程序包SimplySwords不存在
    static float claymore_negative_modifier = SimplySwords.weaponAttributesConfig.claymore_negativeDamageModifier;
                                                          ^
G:\SimplySwords-Architectury-1.20\forge\src\main\java\net\mayaguomang\simpleswordavaritia\forge\compat\GobberCompat.java:42: 错误: 程序包SimplySwords不存在
    static float greataxe_negative_modifier = SimplySwords.weaponAttributesConfig.greataxe_negativeDamageModifier;
                                                          ^
G:\SimplySwords-Architectury-1.20\forge\src\main\java\net\mayaguomang\simpleswordavaritia\forge\compat\GobberCompat.java:43: 错误: 程序包SimplySwords不存在
    static float greathammer_negative_modifier = SimplySwords.weaponAttributesConfig.greathammer_negativeDamageModifier;
                                                             ^
G:\SimplySwords-Architectury-1.20\forge\src\main\java\net\mayaguomang\simpleswordavaritia\forge\compat\GobberCompat.java:44: 错误: 程序包SimplySwords不存在
    static float chakram_negative_modifier = SimplySwords.weaponAttributesConfig.chakram_negativeDamageModifier;
                                                         ^
G:\SimplySwords-Architectury-1.20\forge\src\main\java\net\mayaguomang\simpleswordavaritia\forge\compat\GobberCompat.java:45: 错误: 程序包SimplySwords不存在
    static float scythe_negative_modifier = SimplySwords.weaponAttributesConfig.scythe_negativeDamageModifier;
                                                        ^
G:\SimplySwords-Architectury-1.20\forge\src\main\java\net\mayaguomang\simpleswordavaritia\forge\compat\GobberCompat.java:46: 错误: 程序包SimplySwords不存在
    static float halberd_negative_modifier = SimplySwords.weaponAttributesConfig.halberd_negativeDamageModifier;
                                                         ^
G:\SimplySwords-Architectury-1.20\forge\src\main\java\net\mayaguomang\simpleswordavaritia\forge\compat\GobberCompat.java:48: 错误: 程序包SimplySwords不存在
    static float longsword_attackspeed = SimplySwords.weaponAttributesConfig.longsword_attackSpeed;
                                                     ^
G:\SimplySwords-Architectury-1.20\forge\src\main\java\net\mayaguomang\simpleswordavaritia\forge\compat\GobberCompat.java:49: 错误: 程序包SimplySwords不存在
    static float twinblade_attackspeed = SimplySwords.weaponAttributesConfig.twinblade_attackSpeed;
                                                     ^
G:\SimplySwords-Architectury-1.20\forge\src\main\java\net\mayaguomang\simpleswordavaritia\forge\compat\GobberCompat.java:50: 错误: 程序包SimplySwords不存在
    static float rapier_attackspeed = SimplySwords.weaponAttributesConfig.rapier_attackSpeed;
                                                  ^
G:\SimplySwords-Architectury-1.20\forge\src\main\java\net\mayaguomang\simpleswordavaritia\forge\compat\GobberCompat.java:51: 错误: 程序包SimplySwords不存在
    static float sai_attackspeed = SimplySwords.weaponAttributesConfig.sai_attackSpeed;
                                               ^
G:\SimplySwords-Architectury-1.20\forge\src\main\java\net\mayaguomang\simpleswordavaritia\forge\compat\GobberCompat.java:52: 错误: 程序包SimplySwords不存在
    static float spear_attackspeed = SimplySwords.weaponAttributesConfig.spear_attackSpeed;
                                                 ^
G:\SimplySwords-Architectury-1.20\forge\src\main\java\net\mayaguomang\simpleswordavaritia\forge\compat\GobberCompat.java:53: 错误: 程序包SimplySwords不存在
    static float katana_attackspeed = SimplySwords.weaponAttributesConfig.katana_attackSpeed;
                                                  ^
G:\SimplySwords-Architectury-1.20\forge\src\main\java\net\mayaguomang\simpleswordavaritia\forge\compat\GobberCompat.java:54: 错误: 程序包SimplySwords不存在
    static float glaive_attackspeed = SimplySwords.weaponAttributesConfig.glaive_attackSpeed;
                                                  ^
G:\SimplySwords-Architectury-1.20\forge\src\main\java\net\mayaguomang\simpleswordavaritia\forge\compat\GobberCompat.java:55: 错误: 程序包SimplySwords不存在
    static float warglaive_attackspeed = SimplySwords.weaponAttributesConfig.warglaive_attackSpeed;
                                                     ^
G:\SimplySwords-Architectury-1.20\forge\src\main\java\net\mayaguomang\simpleswordavaritia\forge\compat\GobberCompat.java:56: 错误: 程序包SimplySwords不存在
    static float cutlass_attackspeed = SimplySwords.weaponAttributesConfig.cutlass_attackSpeed;
                                                   ^
G:\SimplySwords-Architectury-1.20\forge\src\main\java\net\mayaguomang\simpleswordavaritia\forge\compat\GobberCompat.java:57: 错误: 程序包SimplySwords不存在
    static float claymore_attackspeed = SimplySwords.weaponAttributesConfig.claymore_attackSpeed;
                                                    ^
G:\SimplySwords-Architectury-1.20\forge\src\main\java\net\mayaguomang\simpleswordavaritia\forge\compat\GobberCompat.java:58: 错误: 程序包SimplySwords不存在
    static float greataxe_attackspeed = SimplySwords.weaponAttributesConfig.greataxe_attackSpeed;
                                                    ^
G:\SimplySwords-Architectury-1.20\forge\src\main\java\net\mayaguomang\simpleswordavaritia\forge\compat\GobberCompat.java:59: 错误: 程序包SimplySwords不存在
    static float greathammer_attackspeed = SimplySwords.weaponAttributesConfig.greathammer_attackSpeed;
                                                       ^
G:\SimplySwords-Architectury-1.20\forge\src\main\java\net\mayaguomang\simpleswordavaritia\forge\compat\GobberCompat.java:60: 错误: 程序包SimplySwords不存在
    static float chakram_attackspeed = SimplySwords.weaponAttributesConfig.chakram_attackSpeed;
                                                   ^
G:\SimplySwords-Architectury-1.20\forge\src\main\java\net\mayaguomang\simpleswordavaritia\forge\compat\GobberCompat.java:61: 错误: 程序包SimplySwords不存在
    static float scythe_attackspeed = SimplySwords.weaponAttributesConfig.scythe_attackSpeed;
                                                  ^
G:\SimplySwords-Architectury-1.20\forge\src\main\java\net\mayaguomang\simpleswordavaritia\forge\compat\GobberCompat.java:62: 错误: 程序包SimplySwords不存在
    static float halberd_attackspeed = SimplySwords.weaponAttributesConfig.halberd_attackSpeed;
                                                   ^
G:\SimplySwords-Architectury-1.20\forge\src\main\java\net\mayaguomang\simpleswordavaritia\forge\compat\GobberCompat.java:79: 错误: 程序包SimplySwords不存在
    static int gobber_modifier = (int) SimplySwords.weaponAttributesConfig.gobber_damageModifier;
                                                   ^
G:\SimplySwords-Architectury-1.20\forge\src\main\java\net\mayaguomang\simpleswordavaritia\forge\compat\GobberCompat.java:80: 错误: 程序包SimplySwords不存在
    static int gobber_nether_modifier = (int) SimplySwords.weaponAttributesConfig.gobberNether_damageModifier;
                                                          ^
G:\SimplySwords-Architectury-1.20\forge\src\main\java\net\mayaguomang\simpleswordavaritia\forge\compat\GobberCompat.java:81: 错误: 程序包SimplySwords不存在
    static int gobber_end_modifier = (int) SimplySwords.weaponAttributesConfig.gobberEnd_damageModifier;
                                                       ^
G:\SimplySwords-Architectury-1.20\forge\src\main\java\net\mayaguomang\simpleswordavaritia\forge\compat\GobberCompat.java:272: 错误: 程序包SimplySwords不存在
        SimplySwords.LOGGER.info("Registering Gobber compat Items for " + SimpleSwordAvaritia.MOD_ID);
                    ^
G:\SimplySwords-Architectury-1.20\forge\src\main\java\net\mayaguomang\simpleswordavaritia\forge\compat\MythicMetalsCompat.java:376: 错误: 程序包SimplySwords不存在
      SimplySwords.LOGGER.info("Registering Mythic Metals compat Items for simplyswords");
                  ^
G:\SimplySwords-Architectury-1.20\forge\src\main\java\net\mayaguomang\simpleswordavaritia\forge\compat\MythicMetalsCompat.java:380: 错误: 程序包SimplySwords不存在
      longsword_positive_modifier = SimplySwords.weaponAttributesConfig.longsword_positiveDamageModifier;
                                                ^
G:\SimplySwords-Architectury-1.20\forge\src\main\java\net\mayaguomang\simpleswordavaritia\forge\compat\MythicMetalsCompat.java:381: 错误: 程序包SimplySwords不存在
      twinblade_positive_modifier = SimplySwords.weaponAttributesConfig.twinblade_positiveDamageModifier;
                                                ^
G:\SimplySwords-Architectury-1.20\forge\src\main\java\net\mayaguomang\simpleswordavaritia\forge\compat\MythicMetalsCompat.java:382: 错误: 程序包SimplySwords不存在
      rapier_positive_modifier = SimplySwords.weaponAttributesConfig.rapier_positiveDamageModifier;
                                             ^
G:\SimplySwords-Architectury-1.20\forge\src\main\java\net\mayaguomang\simpleswordavaritia\forge\compat\MythicMetalsCompat.java:383: 错误: 程序包SimplySwords不存在
      katana_positive_modifier = SimplySwords.weaponAttributesConfig.katana_positiveDamageModifier;
                                             ^
G:\SimplySwords-Architectury-1.20\forge\src\main\java\net\mayaguomang\simpleswordavaritia\forge\compat\MythicMetalsCompat.java:384: 错误: 程序包SimplySwords不存在
      sai_positive_modifier = SimplySwords.weaponAttributesConfig.sai_positiveDamageModifier;
                                          ^
G:\SimplySwords-Architectury-1.20\forge\src\main\java\net\mayaguomang\simpleswordavaritia\forge\compat\MythicMetalsCompat.java:385: 错误: 程序包SimplySwords不存在
      spear_positive_modifier = SimplySwords.weaponAttributesConfig.spear_positiveDamageModifier;
                                            ^
G:\SimplySwords-Architectury-1.20\forge\src\main\java\net\mayaguomang\simpleswordavaritia\forge\compat\MythicMetalsCompat.java:386: 错误: 程序包SimplySwords不存在
      glaive_positive_modifier = SimplySwords.weaponAttributesConfig.glaive_positiveDamageModifier;
                                             ^
G:\SimplySwords-Architectury-1.20\forge\src\main\java\net\mayaguomang\simpleswordavaritia\forge\compat\MythicMetalsCompat.java:387: 错误: 程序包SimplySwords不存在
      warglaive_positive_modifier = SimplySwords.weaponAttributesConfig.warglaive_positiveDamageModifier;
                                                ^
G:\SimplySwords-Architectury-1.20\forge\src\main\java\net\mayaguomang\simpleswordavaritia\forge\compat\MythicMetalsCompat.java:388: 错误: 程序包SimplySwords不存在
      cutlass_positive_modifier = SimplySwords.weaponAttributesConfig.cutlass_positiveDamageModifier;
                                              ^
G:\SimplySwords-Architectury-1.20\forge\src\main\java\net\mayaguomang\simpleswordavaritia\forge\compat\MythicMetalsCompat.java:389: 错误: 程序包SimplySwords不存在
      claymore_positive_modifier = SimplySwords.weaponAttributesConfig.claymore_positiveDamageModifier;
                                               ^
G:\SimplySwords-Architectury-1.20\forge\src\main\java\net\mayaguomang\simpleswordavaritia\forge\compat\MythicMetalsCompat.java:390: 错误: 程序包SimplySwords不存在
      greataxe_positive_modifier = SimplySwords.weaponAttributesConfig.greataxe_positiveDamageModifier;
                                               ^
G:\SimplySwords-Architectury-1.20\forge\src\main\java\net\mayaguomang\simpleswordavaritia\forge\compat\MythicMetalsCompat.java:391: 错误: 程序包SimplySwords不存在
      greathammer_positive_modifier = SimplySwords.weaponAttributesConfig.greathammer_positiveDamageModifier;
                                                  ^
G:\SimplySwords-Architectury-1.20\forge\src\main\java\net\mayaguomang\simpleswordavaritia\forge\compat\MythicMetalsCompat.java:392: 错误: 程序包SimplySwords不存在
      chakram_positive_modifier = SimplySwords.weaponAttributesConfig.chakram_positiveDamageModifier;
                                              ^
G:\SimplySwords-Architectury-1.20\forge\src\main\java\net\mayaguomang\simpleswordavaritia\forge\compat\MythicMetalsCompat.java:393: 错误: 程序包SimplySwords不存在
      scythe_positive_modifier = SimplySwords.weaponAttributesConfig.scythe_positiveDamageModifier;
                                             ^
G:\SimplySwords-Architectury-1.20\forge\src\main\java\net\mayaguomang\simpleswordavaritia\forge\compat\MythicMetalsCompat.java:394: 错误: 程序包SimplySwords不存在
      halberd_positive_modifier = SimplySwords.weaponAttributesConfig.halberd_positiveDamageModifier;
                                              ^
G:\SimplySwords-Architectury-1.20\forge\src\main\java\net\mayaguomang\simpleswordavaritia\forge\compat\MythicMetalsCompat.java:395: 错误: 程序包SimplySwords不存在
      longsword_negative_modifier = SimplySwords.weaponAttributesConfig.longsword_negativeDamageModifier;
                                                ^
G:\SimplySwords-Architectury-1.20\forge\src\main\java\net\mayaguomang\simpleswordavaritia\forge\compat\MythicMetalsCompat.java:396: 错误: 程序包SimplySwords不存在
      twinblade_negative_modifier = SimplySwords.weaponAttributesConfig.twinblade_negativeDamageModifier;
                                                ^
G:\SimplySwords-Architectury-1.20\forge\src\main\java\net\mayaguomang\simpleswordavaritia\forge\compat\MythicMetalsCompat.java:397: 错误: 程序包SimplySwords不存在
      rapier_negative_modifier = SimplySwords.weaponAttributesConfig.rapier_negativeDamageModifier;
                                             ^
G:\SimplySwords-Architectury-1.20\forge\src\main\java\net\mayaguomang\simpleswordavaritia\forge\compat\MythicMetalsCompat.java:398: 错误: 程序包SimplySwords不存在
      sai_negative_modifier = SimplySwords.weaponAttributesConfig.sai_negativeDamageModifier;
                                          ^
G:\SimplySwords-Architectury-1.20\forge\src\main\java\net\mayaguomang\simpleswordavaritia\forge\compat\MythicMetalsCompat.java:399: 错误: 程序包SimplySwords不存在
      spear_negative_modifier = SimplySwords.weaponAttributesConfig.spear_negativeDamageModifier;
                                            ^
G:\SimplySwords-Architectury-1.20\forge\src\main\java\net\mayaguomang\simpleswordavaritia\forge\compat\MythicMetalsCompat.java:400: 错误: 程序包SimplySwords不存在
      katana_negative_modifier = SimplySwords.weaponAttributesConfig.katana_negativeDamageModifier;
                                             ^
G:\SimplySwords-Architectury-1.20\forge\src\main\java\net\mayaguomang\simpleswordavaritia\forge\compat\MythicMetalsCompat.java:401: 错误: 程序包SimplySwords不存在
      glaive_negative_modifier = SimplySwords.weaponAttributesConfig.glaive_negativeDamageModifier;
                                             ^
G:\SimplySwords-Architectury-1.20\forge\src\main\java\net\mayaguomang\simpleswordavaritia\forge\compat\MythicMetalsCompat.java:402: 错误: 程序包SimplySwords不存在
      warglaive_negative_modifier = SimplySwords.weaponAttributesConfig.warglaive_negativeDamageModifier;
                                                ^
G:\SimplySwords-Architectury-1.20\forge\src\main\java\net\mayaguomang\simpleswordavaritia\forge\compat\MythicMetalsCompat.java:403: 错误: 程序包SimplySwords不存在
      cutlass_negative_modifier = SimplySwords.weaponAttributesConfig.cutlass_negativeDamageModifier;
                                              ^
G:\SimplySwords-Architectury-1.20\forge\src\main\java\net\mayaguomang\simpleswordavaritia\forge\compat\MythicMetalsCompat.java:404: 错误: 程序包SimplySwords不存在
      claymore_negative_modifier = SimplySwords.weaponAttributesConfig.claymore_negativeDamageModifier;
                                               ^
G:\SimplySwords-Architectury-1.20\forge\src\main\java\net\mayaguomang\simpleswordavaritia\forge\compat\MythicMetalsCompat.java:405: 错误: 程序包SimplySwords不存在
      greataxe_negative_modifier = SimplySwords.weaponAttributesConfig.greataxe_negativeDamageModifier;
                                               ^
G:\SimplySwords-Architectury-1.20\forge\src\main\java\net\mayaguomang\simpleswordavaritia\forge\compat\MythicMetalsCompat.java:406: 错误: 程序包SimplySwords不存在
      greathammer_negative_modifier = SimplySwords.weaponAttributesConfig.greathammer_negativeDamageModifier;
                                                  ^
G:\SimplySwords-Architectury-1.20\forge\src\main\java\net\mayaguomang\simpleswordavaritia\forge\compat\MythicMetalsCompat.java:407: 错误: 程序包SimplySwords不存在
      chakram_negative_modifier = SimplySwords.weaponAttributesConfig.chakram_negativeDamageModifier;
                                              ^
G:\SimplySwords-Architectury-1.20\forge\src\main\java\net\mayaguomang\simpleswordavaritia\forge\compat\MythicMetalsCompat.java:408: 错误: 程序包SimplySwords不存在
      scythe_negative_modifier = SimplySwords.weaponAttributesConfig.scythe_negativeDamageModifier;
                                             ^
G:\SimplySwords-Architectury-1.20\forge\src\main\java\net\mayaguomang\simpleswordavaritia\forge\compat\MythicMetalsCompat.java:409: 错误: 程序包SimplySwords不存在
      halberd_negative_modifier = SimplySwords.weaponAttributesConfig.halberd_negativeDamageModifier;
                                              ^
G:\SimplySwords-Architectury-1.20\forge\src\main\java\net\mayaguomang\simpleswordavaritia\forge\compat\MythicMetalsCompat.java:410: 错误: 程序包SimplySwords不存在
      longsword_attackspeed = SimplySwords.weaponAttributesConfig.longsword_attackSpeed;
                                          ^
G:\SimplySwords-Architectury-1.20\forge\src\main\java\net\mayaguomang\simpleswordavaritia\forge\compat\MythicMetalsCompat.java:411: 错误: 程序包SimplySwords不存在
      twinblade_attackspeed = SimplySwords.weaponAttributesConfig.twinblade_attackSpeed;
                                          ^
G:\SimplySwords-Architectury-1.20\forge\src\main\java\net\mayaguomang\simpleswordavaritia\forge\compat\MythicMetalsCompat.java:412: 错误: 程序包SimplySwords不存在
      rapier_attackspeed = SimplySwords.weaponAttributesConfig.rapier_attackSpeed;
                                       ^
G:\SimplySwords-Architectury-1.20\forge\src\main\java\net\mayaguomang\simpleswordavaritia\forge\compat\MythicMetalsCompat.java:413: 错误: 程序包SimplySwords不存在
      sai_attackspeed = SimplySwords.weaponAttributesConfig.sai_attackSpeed;
                                    ^
G:\SimplySwords-Architectury-1.20\forge\src\main\java\net\mayaguomang\simpleswordavaritia\forge\compat\MythicMetalsCompat.java:414: 错误: 程序包SimplySwords不存在
      spear_attackspeed = SimplySwords.weaponAttributesConfig.spear_attackSpeed;
                                      ^
G:\SimplySwords-Architectury-1.20\forge\src\main\java\net\mayaguomang\simpleswordavaritia\forge\compat\MythicMetalsCompat.java:415: 错误: 程序包SimplySwords不存在
      katana_attackspeed = SimplySwords.weaponAttributesConfig.katana_attackSpeed;
                                       ^
G:\SimplySwords-Architectury-1.20\forge\src\main\java\net\mayaguomang\simpleswordavaritia\forge\compat\MythicMetalsCompat.java:416: 错误: 程序包SimplySwords不存在
      glaive_attackspeed = SimplySwords.weaponAttributesConfig.glaive_attackSpeed;
                                       ^
G:\SimplySwords-Architectury-1.20\forge\src\main\java\net\mayaguomang\simpleswordavaritia\forge\compat\MythicMetalsCompat.java:417: 错误: 程序包SimplySwords不存在
      warglaive_attackspeed = SimplySwords.weaponAttributesConfig.warglaive_attackSpeed;
                                          ^
G:\SimplySwords-Architectury-1.20\forge\src\main\java\net\mayaguomang\simpleswordavaritia\forge\compat\MythicMetalsCompat.java:418: 错误: 程序包SimplySwords不存在
      cutlass_attackspeed = SimplySwords.weaponAttributesConfig.cutlass_attackSpeed;
                                        ^
G:\SimplySwords-Architectury-1.20\forge\src\main\java\net\mayaguomang\simpleswordavaritia\forge\compat\MythicMetalsCompat.java:419: 错误: 程序包SimplySwords不存在
      claymore_attackspeed = SimplySwords.weaponAttributesConfig.claymore_attackSpeed;
                                         ^
G:\SimplySwords-Architectury-1.20\forge\src\main\java\net\mayaguomang\simpleswordavaritia\forge\compat\MythicMetalsCompat.java:420: 错误: 程序包SimplySwords不存在
      greataxe_attackspeed = SimplySwords.weaponAttributesConfig.greataxe_attackSpeed;
                                         ^
G:\SimplySwords-Architectury-1.20\forge\src\main\java\net\mayaguomang\simpleswordavaritia\forge\compat\MythicMetalsCompat.java:421: 错误: 程序包SimplySwords不存在
      greathammer_attackspeed = SimplySwords.weaponAttributesConfig.greathammer_attackSpeed;
                                            ^
G:\SimplySwords-Architectury-1.20\forge\src\main\java\net\mayaguomang\simpleswordavaritia\forge\compat\MythicMetalsCompat.java:422: 错误: 程序包SimplySwords不存在
      chakram_attackspeed = SimplySwords.weaponAttributesConfig.chakram_attackSpeed;
                                        ^
G:\SimplySwords-Architectury-1.20\forge\src\main\java\net\mayaguomang\simpleswordavaritia\forge\compat\MythicMetalsCompat.java:423: 错误: 程序包SimplySwords不存在
      scythe_attackspeed = SimplySwords.weaponAttributesConfig.scythe_attackSpeed;
                                       ^
G:\SimplySwords-Architectury-1.20\forge\src\main\java\net\mayaguomang\simpleswordavaritia\forge\compat\MythicMetalsCompat.java:424: 错误: 程序包SimplySwords不存在
      halberd_attackspeed = SimplySwords.weaponAttributesConfig.halberd_attackSpeed;
                                        ^
95 个错误

> Task :forge:compileJava FAILED
> Task :common:sourcesJar
> Task :common:remapJar

FAILURE: Build failed with an exception.

* What went wrong:
Execution failed for task ':forge:compileJava'.
> Compilation failed; see the compiler error output for details.

* Try:
> Run with --info option to get more log output.
> Run with --scan to get full insights.

Deprecated Gradle features were used in this build, making it incompatible with Gradle 9.0.

You can use '--warning-mode all' to show the individual deprecation warnings and determine if they come from your own scripts or plugins.

For more on this, please refer to https://docs.gradle.org/8.10/userguide/command_line_interface.html#sec:command_line_warnings in the Gradle documentation.

BUILD FAILED in 1m 3s
13 actionable tasks: 11 executed, 1 from cache, 1 up-to-date
